[0, 2, 4, 6, 8]
[a, a, a]
[b, n, n]
[2, 4]
[Maria:30]
