[3, 4, 5]
[2, 3, 4]
[1, 2, 3, 4, 5, 6, 7, 8, 9]
[9]
[8, 9]
[7, 8]
[0, 1, 2, 3, 4, 5, 6, 7, 8, 9]
[]
[0]
[]
[5, 6, 7]
[n, a, n]
[c, d, e, f]
[c, d, e]
[]
[3, 4]
[bianca, jose]
2
(t, 8)
[1, 2, 3, 4]
[1, 2, 3, 4]
