[eu, gosto, de, comer, banana]
[a, b, c]
[eu, gosto, de, comer, banana]
[eu, gosto, de, comer, , , , banana]
