5
4.5
[1, 2, 3]
[1.5, 2.5, 3.5]
(ovo, queijo)
(1, 2.3, tres)
5 eh cinco
5 nao eh seis
[Joao:5, Maria:6]
Joao:5
