[12, 14, 16, 18]
[111, 212, 313, 414]
[Aa, Bb, Cc, Dd, Ee, Ff]
[0p, 1t, 2e, 3r, 4o, 5d, 6a, 7c, 8t, 9i]
